// Jest Snapshot v1, https://goo.gl/fbAQLP

exports[`matches last snapshot 1`] = `
<div
  className="card"
  onClick={[Function]}
  onMouseOut={[Function]}
  onMouseOver={[Function]}
>
  <div
    className="card-back"
  >
    <img
      alt="/backimage.jpg"
      src="/backimage.jpg"
    />
  </div>
  <div
    className="card-front"
  >
    <img
      alt="/frontimage.jpg"
      src="/frontimage.jpg"
    />
  </div>
</div>
`;
